// Jest Snapshot v1, https://goo.gl/fbAQLP

exports[`<NumberInput/> renders consistently 1`] = `
<div
  class="MuiFormControl-root MuiTextField-root"
>
  <div
    class="MuiInputBase-root MuiInput-root MuiInput-underline MuiInputBase-formControl MuiInput-formControl MuiInputBase-adornedStart"
  >
    <div
      class="MuiInputAdornment-root MuiInputAdornment-positionStart"
    >
      <svg
        aria-hidden="true"
        class="MuiSvgIcon-root"
        focusable="false"
        role="presentation"
        viewBox="0 0 24 24"
      >
        <path
          d="M0 0h24v24H0z"
          fill="none"
        />
        <path
          d="M16 11c1.66 0 2.99-1.34 2.99-3S17.66 5 16 5c-1.66 0-3 1.34-3 3s1.34 3 3 3zm-8 0c1.66 0 2.99-1.34 2.99-3S9.66 5 8 5C6.34 5 5 6.34 5 8s1.34 3 3 3zm0 2c-2.33 0-7 1.17-7 3.5V19h14v-2.5c0-2.33-4.67-3.5-7-3.5zm8 0c-.29 0-.62.02-.97.05 1.16.84 1.97 1.97 1.97 3.45V19h6v-2.5c0-2.33-4.67-3.5-7-3.5z"
        />
      </svg>
    </div>
    <input
      aria-invalid="false"
      class="MuiInputBase-input MuiInput-input MuiInputBase-inputAdornedStart"
      id="player-count"
      min="1"
      step="1"
      type="number"
      value="1"
    />
  </div>
</div>
`;
